exports[`test with items 1`] = `
<ul>
  <li>
    Lee
  </li>
  <li>
    Mike
  </li>
</ul>
`;
